../../TouchGFX/gui/include/gui/screen1_screen/Screen1Presenter.hpp:30:13:Screen1Presenter::~Screen1Presenter()	0	static
D:/Rep111/Rep111/MUD4/TouchGFX/gui/src/screen1_screen/Screen1Presenter.cpp:10:6:virtual void Screen1Presenter::activate()	0	static
D:/Rep111/Rep111/MUD4/TouchGFX/gui/src/screen1_screen/Screen1Presenter.cpp:16:6:virtual void Screen1Presenter::deactivate()	0	static
../../TouchGFX/gui/include/gui/screen1_screen/Screen1Presenter.hpp:30:13:virtual Screen1Presenter::~Screen1Presenter()	8	static
D:/Rep111/Rep111/MUD4/TouchGFX/gui/src/screen1_screen/Screen1Presenter.cpp:20:6:virtual void Screen1Presenter::updateGauge(int)	0	static
D:/Rep111/Rep111/MUD4/TouchGFX/gui/src/screen1_screen/Screen1Presenter.cpp:24:6:virtual void Screen1Presenter::updateTDR(uint32_t)	0	static
D:/Rep111/Rep111/MUD4/TouchGFX/gui/src/screen1_screen/Screen1Presenter.cpp:28:7:virtual void Screen1Presenter::updateKND(uint32_t)	0	static
../../TouchGFX/gui/include/gui/screen1_screen/Screen1Presenter.hpp:30:13:virtual void* Screen1Presenter::_ZThn4_N16Screen1PresenterD1Ev()	0	static
D:/Rep111/Rep111/MUD4/TouchGFX/gui/src/screen1_screen/Screen1Presenter.cpp:4:1:Screen1Presenter::Screen1Presenter(Screen1View&)	0	static
