../../Middlewares/ST/touchgfx/framework/include/touchgfx/Screen.hpp:104:18:virtual void touchgfx::Screen::afterTransition()	0	static
../../Middlewares/ST/touchgfx/framework/include/touchgfx/Screen.hpp:144:18:virtual void touchgfx::Screen::handleTickEvent()	0	static
../../Middlewares/ST/touchgfx/framework/include/touchgfx/Screen.hpp:154:18:virtual void touchgfx::Screen::handleKeyEvent(uint8_t)	0	static
C:/INSTALL/TouchGFXProjects/MUD4/TouchGFX/gui/src/screen1_screen/Screen1View.cpp:16:6:virtual void Screen1View::tearDownScreen()	0	static
../../TouchGFX/gui/include/gui/screen1_screen/Screen1View.hpp:11:13:Screen1View::~Screen1View()	8	static
../../TouchGFX/gui/include/gui/screen1_screen/Screen1View.hpp:11:13:virtual Screen1View::~Screen1View()	8	static
C:/INSTALL/TouchGFXProjects/MUD4/TouchGFX/gui/src/screen1_screen/Screen1View.cpp:5:1:Screen1View::Screen1View()	8	static
C:/INSTALL/TouchGFXProjects/MUD4/TouchGFX/gui/src/screen1_screen/Screen1View.cpp:10:6:virtual void Screen1View::setupScreen()	8	static
C:/INSTALL/TouchGFXProjects/MUD4/TouchGFX/gui/src/screen1_screen/Screen1View.cpp:27:6:void Screen1View::updateGauge(int)	16	static
C:/INSTALL/TouchGFXProjects/MUD4/TouchGFX/gui/src/screen1_screen/Screen1View.cpp:40:6:virtual void Screen1View::function1()	0	static
C:/INSTALL/TouchGFXProjects/MUD4/TouchGFX/gui/src/screen1_screen/Screen1View.cpp:47:6:virtual void Screen1View::function2()	0	static
