../../Middlewares/ST/touchgfx/framework/include/touchgfx/Screen.hpp:104:18:virtual void touchgfx::Screen::afterTransition()	0	static
../../Middlewares/ST/touchgfx/framework/include/touchgfx/Screen.hpp:144:18:virtual void touchgfx::Screen::handleTickEvent()	0	static
../../Middlewares/ST/touchgfx/framework/include/touchgfx/Screen.hpp:154:18:virtual void touchgfx::Screen::handleKeyEvent(uint8_t)	0	static
D:/Rep111/Rep111/MUD4/TouchGFX/gui/src/screen1_screen/Screen1View.cpp:17:6:virtual void Screen1View::tearDownScreen()	0	static
D:/Rep111/Rep111/MUD4/TouchGFX/gui/src/screen1_screen/Screen1View.cpp:73:6:virtual void Screen1View::SetKND()	0	static
../../TouchGFX/gui/include/gui/screen1_screen/Screen1View.hpp:11:13:Screen1View::~Screen1View()	8	static
../../TouchGFX/gui/include/gui/screen1_screen/Screen1View.hpp:11:13:virtual Screen1View::~Screen1View()	8	static
D:/Rep111/Rep111/MUD4/TouchGFX/gui/src/screen1_screen/Screen1View.cpp:6:1:Screen1View::Screen1View()	8	static
D:/Rep111/Rep111/MUD4/TouchGFX/gui/src/screen1_screen/Screen1View.cpp:11:6:virtual void Screen1View::setupScreen()	8	static
D:/Rep111/Rep111/MUD4/TouchGFX/gui/src/screen1_screen/Screen1View.cpp:28:6:void Screen1View::updateGauge(int)	16	static
D:/Rep111/Rep111/MUD4/TouchGFX/gui/src/screen1_screen/Screen1View.cpp:58:6:virtual void Screen1View::function1()	0	static
D:/Rep111/Rep111/MUD4/TouchGFX/gui/src/screen1_screen/Screen1View.cpp:65:6:virtual void Screen1View::function2()	0	static
D:/Rep111/Rep111/MUD4/TouchGFX/gui/src/screen1_screen/Screen1View.cpp:43:6:void Screen1View::updateTDR(uint32_t)	16	static
D:/Rep111/Rep111/MUD4/TouchGFX/gui/src/screen1_screen/Screen1View.cpp:50:6:void Screen1View::updateKND(uint32_t)	16	static
