../Drivers/STM32F4xx_HAL_Driver/stm32f4xx_hal_uart.c:3376:13:UART_EndRxTransfer	0	static,ignoring_inline_asm
../Drivers/STM32F4xx_HAL_Driver/stm32f4xx_hal_uart.c:3737:13:UART_SetConfig	16	static
../Drivers/STM32F4xx_HAL_Driver/stm32f4xx_hal_uart.c:3218:26:UART_WaitOnFlagUntilTimeout.constprop	32	static
../Drivers/STM32F4xx_HAL_Driver/stm32f4xx_hal_uart.c:721:13:HAL_UART_MspInit	0	static
../Drivers/STM32F4xx_HAL_Driver/stm32f4xx_hal_uart.c:363:19:HAL_UART_Init	8	static
../Drivers/STM32F4xx_HAL_Driver/stm32f4xx_hal_uart.c:441:19:HAL_HalfDuplex_Init	8	static
../Drivers/STM32F4xx_HAL_Driver/stm32f4xx_hal_uart.c:515:19:HAL_LIN_Init	16	static
../Drivers/STM32F4xx_HAL_Driver/stm32f4xx_hal_uart.c:597:19:HAL_MultiProcessor_Init	16	static
../Drivers/STM32F4xx_HAL_Driver/stm32f4xx_hal_uart.c:736:13:HAL_UART_MspDeInit	0	static
../Drivers/STM32F4xx_HAL_Driver/stm32f4xx_hal_uart.c:675:19:HAL_UART_DeInit	8	static
../Drivers/STM32F4xx_HAL_Driver/stm32f4xx_hal_uart.c:1141:19:HAL_UART_Transmit	32	static
../Drivers/STM32F4xx_HAL_Driver/stm32f4xx_hal_uart.c:1227:19:HAL_UART_Receive	32	static
../Drivers/STM32F4xx_HAL_Driver/stm32f4xx_hal_uart.c:1314:19:HAL_UART_Transmit_IT	0	static
../Drivers/STM32F4xx_HAL_Driver/stm32f4xx_hal_uart.c:1385:19:HAL_UART_Transmit_DMA	16	static,ignoring_inline_asm
../Drivers/STM32F4xx_HAL_Driver/stm32f4xx_hal_uart.c:1482:19:HAL_UART_DMAPause	0	static,ignoring_inline_asm
../Drivers/STM32F4xx_HAL_Driver/stm32f4xx_hal_uart.c:1513:19:HAL_UART_DMAResume	8	static,ignoring_inline_asm
../Drivers/STM32F4xx_HAL_Driver/stm32f4xx_hal_uart.c:1547:19:HAL_UART_DMAStop	8	static,ignoring_inline_asm
../Drivers/STM32F4xx_HAL_Driver/stm32f4xx_hal_uart.c:1602:19:HAL_UARTEx_ReceiveToIdle	40	static
../Drivers/STM32F4xx_HAL_Driver/stm32f4xx_hal_uart.c:1852:29:HAL_UARTEx_GetRxEventType	0	static
../Drivers/STM32F4xx_HAL_Driver/stm32f4xx_hal_uart.c:1870:19:HAL_UART_Abort	8	static,ignoring_inline_asm
../Drivers/STM32F4xx_HAL_Driver/stm32f4xx_hal_uart.c:1959:19:HAL_UART_AbortTransmit	8	static,ignoring_inline_asm
../Drivers/STM32F4xx_HAL_Driver/stm32f4xx_hal_uart.c:2010:19:HAL_UART_AbortReceive	8	static,ignoring_inline_asm
../Drivers/STM32F4xx_HAL_Driver/stm32f4xx_hal_uart.c:2625:13:HAL_UART_TxCpltCallback	0	static
../Drivers/STM32F4xx_HAL_Driver/stm32f4xx_hal_uart.c:3021:13:UART_DMATransmitCplt	8	static,ignoring_inline_asm
../Drivers/STM32F4xx_HAL_Driver/stm32f4xx_hal_uart.c:2640:13:HAL_UART_TxHalfCpltCallback	0	static
../Drivers/STM32F4xx_HAL_Driver/stm32f4xx_hal_uart.c:3056:13:UART_DMATxHalfCplt	8	static
../Drivers/STM32F4xx_HAL_Driver/stm32f4xx_hal_uart.c:2655:13:HAL_UART_RxCpltCallback	0	static
../Drivers/STM32F4xx_HAL_Driver/stm32f4xx_hal_uart.c:2670:13:HAL_UART_RxHalfCpltCallback	0	static
../Drivers/STM32F4xx_HAL_Driver/stm32f4xx_hal_uart.c:2685:13:HAL_UART_ErrorCallback	0	static
../Drivers/STM32F4xx_HAL_Driver/stm32f4xx_hal_uart.c:3176:13:UART_DMAError	8	static,ignoring_inline_asm
../Drivers/STM32F4xx_HAL_Driver/stm32f4xx_hal_uart.c:3400:13:UART_DMAAbortOnError	8	static
../Drivers/STM32F4xx_HAL_Driver/stm32f4xx_hal_uart.c:2699:13:HAL_UART_AbortCpltCallback	0	static
../Drivers/STM32F4xx_HAL_Driver/stm32f4xx_hal_uart.c:2071:19:HAL_UART_Abort_IT	16	static,ignoring_inline_asm
../Drivers/STM32F4xx_HAL_Driver/stm32f4xx_hal_uart.c:3469:13:UART_DMARxAbortCallback	8	static
../Drivers/STM32F4xx_HAL_Driver/stm32f4xx_hal_uart.c:3423:13:UART_DMATxAbortCallback	8	static
../Drivers/STM32F4xx_HAL_Driver/stm32f4xx_hal_uart.c:2714:13:HAL_UART_AbortTransmitCpltCallback	0	static
../Drivers/STM32F4xx_HAL_Driver/stm32f4xx_hal_uart.c:2206:19:HAL_UART_AbortTransmit_IT	8	static,ignoring_inline_asm
../Drivers/STM32F4xx_HAL_Driver/stm32f4xx_hal_uart.c:3515:13:UART_DMATxOnlyAbortCallback	8	static
../Drivers/STM32F4xx_HAL_Driver/stm32f4xx_hal_uart.c:2729:13:HAL_UART_AbortReceiveCpltCallback	0	static
../Drivers/STM32F4xx_HAL_Driver/stm32f4xx_hal_uart.c:2283:19:HAL_UART_AbortReceive_IT	8	static,ignoring_inline_asm
../Drivers/STM32F4xx_HAL_Driver/stm32f4xx_hal_uart.c:3543:13:UART_DMARxOnlyAbortCallback	8	static
../Drivers/STM32F4xx_HAL_Driver/stm32f4xx_hal_uart.c:2746:13:HAL_UARTEx_RxEventCallback	0	static
../Drivers/STM32F4xx_HAL_Driver/stm32f4xx_hal_uart.c:3137:13:UART_DMARxHalfCplt	8	static
../Drivers/STM32F4xx_HAL_Driver/stm32f4xx_hal_uart.c:3075:13:UART_DMAReceiveCplt	8	static,ignoring_inline_asm
../Drivers/STM32F4xx_HAL_Driver/stm32f4xx_hal_uart.c:3634:26:UART_Receive_IT.isra	16	static,ignoring_inline_asm
../Drivers/STM32F4xx_HAL_Driver/stm32f4xx_hal_uart.c:2361:6:HAL_UART_IRQHandler	24	static,ignoring_inline_asm
../Drivers/STM32F4xx_HAL_Driver/stm32f4xx_hal_uart.c:2786:19:HAL_LIN_SendBreak	0	static,ignoring_inline_asm
../Drivers/STM32F4xx_HAL_Driver/stm32f4xx_hal_uart.c:2813:19:HAL_MultiProcessor_EnterMuteMode	0	static,ignoring_inline_asm
../Drivers/STM32F4xx_HAL_Driver/stm32f4xx_hal_uart.c:2841:19:HAL_MultiProcessor_ExitMuteMode	0	static,ignoring_inline_asm
../Drivers/STM32F4xx_HAL_Driver/stm32f4xx_hal_uart.c:2869:19:HAL_HalfDuplex_EnableTransmitter	0	static
../Drivers/STM32F4xx_HAL_Driver/stm32f4xx_hal_uart.c:2904:19:HAL_HalfDuplex_EnableReceiver	0	static
../Drivers/STM32F4xx_HAL_Driver/stm32f4xx_hal_uart.c:2961:23:HAL_UART_GetState	0	static
../Drivers/STM32F4xx_HAL_Driver/stm32f4xx_hal_uart.c:2976:10:HAL_UART_GetError	0	static
../Drivers/STM32F4xx_HAL_Driver/stm32f4xx_hal_uart.c:3269:19:UART_Start_Receive_IT	0	static
../Drivers/STM32F4xx_HAL_Driver/stm32f4xx_hal_uart.c:1353:19:HAL_UART_Receive_IT	16	static
../Drivers/STM32F4xx_HAL_Driver/stm32f4xx_hal_uart.c:1727:19:HAL_UARTEx_ReceiveToIdle_IT	24	static,ignoring_inline_asm
../Drivers/STM32F4xx_HAL_Driver/stm32f4xx_hal_uart.c:3304:19:UART_Start_Receive_DMA	24	static,ignoring_inline_asm
../Drivers/STM32F4xx_HAL_Driver/stm32f4xx_hal_uart.c:1455:19:HAL_UART_Receive_DMA	12	static
../Drivers/STM32F4xx_HAL_Driver/stm32f4xx_hal_uart.c:1787:19:HAL_UARTEx_ReceiveToIdle_DMA	24	static,ignoring_inline_asm
