../Core/Src/main.c:165:5:main	8	static
../Core/Src/main.c:265:6:SystemClock_Config	88	static
../Core/Src/main.c:318:13:MX_CRC_Init	8	static
../Core/Src/main.c:344:13:MX_DMA2D_Init	8	static
../Core/Src/main.c:381:13:MX_I2C3_Init	8	static
../Core/Src/main.c:429:13:MX_LTDC_Init	64	static
../Core/Src/main.c:496:13:MX_SPI5_Init	16	static
../Core/Src/main.c:546:13:MX_TIM9_Init	40	static
../Core/Src/main.c:588:13:MX_USART2_UART_Init	8	static
../Core/Src/main.c:619:13:MX_DMA_Init	16	static
../Core/Src/main.c:633:13:MX_FMC_Init	56	static
../Core/Src/main.c:688:13:MX_GPIO_Init	64	static
../Core/Src/main.c:765:13:BSP_SDRAM_Initialization_Sequence	24	static
../Core/Src/main.c:823:6:IOE_Init	4	static
../Core/Src/main.c:832:6:IOE_ITConfig	4	static
../Core/Src/main.c:844:6:IOE_Write	16	static
../Core/Src/main.c:855:9:IOE_Read	16	static
../Core/Src/main.c:868:10:IOE_ReadMultiple	16	static
../Core/Src/main.c:877:6:IOE_Delay	16	static
../Core/Src/main.c:888:13:I2C3_WriteData	40	static
../Core/Src/main.c:908:16:I2C3_ReadData	40	static
../Core/Src/main.c:933:16:I2C3_ReadBuffer	40	static
../Core/Src/main.c:958:17:SPI5_Read	24	static
../Core/Src/main.c:979:13:SPI5_Write	24	static
../Core/Src/main.c:996:13:SPI5_Error	4	static
../Core/Src/main.c:1005:6:LCD_IO_Init	8	static
../Core/Src/main.c:1015:6:LCD_IO_WriteData	16	static
../Core/Src/main.c:1031:6:LCD_IO_WriteReg	16	static
../Core/Src/main.c:1050:10:LCD_IO_ReadData	24	static
../Core/Src/main.c:1077:6:LCD_Delay	16	static
../Core/Src/main.c:1091:6:StartDefaultTask	16	static
../Core/Src/main.c:1116:6:HAL_TIM_PeriodElapsedCallback	16	static
../Core/Src/main.c:1134:6:Error_Handler	4	static
