../Core/Src/stm32f4xx_hal_msp.c:66:6:HAL_MspInit	16	static
../Core/Src/stm32f4xx_hal_msp.c:91:6:HAL_CRC_MspInit	24	static
../Core/Src/stm32f4xx_hal_msp.c:114:6:HAL_CRC_MspDeInit	16	static
../Core/Src/stm32f4xx_hal_msp.c:136:6:HAL_DMA2D_MspInit	24	static
../Core/Src/stm32f4xx_hal_msp.c:162:6:HAL_DMA2D_MspDeInit	16	static
../Core/Src/stm32f4xx_hal_msp.c:187:6:HAL_I2C_MspInit	48	static
../Core/Src/stm32f4xx_hal_msp.c:236:6:HAL_I2C_MspDeInit	16	static
../Core/Src/stm32f4xx_hal_msp.c:267:6:HAL_LTDC_MspInit	112	static
../Core/Src/stm32f4xx_hal_msp.c:393:6:HAL_LTDC_MspDeInit	16	static
../Core/Src/stm32f4xx_hal_msp.c:455:6:HAL_SPI_MspInit	48	static
../Core/Src/stm32f4xx_hal_msp.c:493:6:HAL_SPI_MspDeInit	16	static
../Core/Src/stm32f4xx_hal_msp.c:523:6:HAL_TIM_PWM_MspInit	24	static
../Core/Src/stm32f4xx_hal_msp.c:543:6:HAL_TIM_MspPostInit	40	static
../Core/Src/stm32f4xx_hal_msp.c:575:6:HAL_TIM_PWM_MspDeInit	16	static
../Core/Src/stm32f4xx_hal_msp.c:600:6:HAL_UART_MspInit	48	static
../Core/Src/stm32f4xx_hal_msp.c:659:6:HAL_UART_MspDeInit	16	static
../Core/Src/stm32f4xx_hal_msp.c:689:13:HAL_FMC_MspInit	32	static
../Core/Src/stm32f4xx_hal_msp.c:795:6:HAL_SDRAM_MspInit	16	static
../Core/Src/stm32f4xx_hal_msp.c:807:13:HAL_FMC_MspDeInit	8	static
../Core/Src/stm32f4xx_hal_msp.c:881:6:HAL_SDRAM_MspDeInit	16	static
