D:/Rep111/Rep111/MUD4/Core/Src/main.c:1279:6:StartDefaultTask	1
D:/Rep111/Rep111/MUD4/Core/Src/main.c:1167:13:SPI5_Write	1
D:/Rep111/Rep111/MUD4/Core/Src/main.c:170:6:HAL_TIM_IC_CaptureCallback	4
D:/Rep111/Rep111/MUD4/Core/Src/main.c:293:6:SystemClock_Config	1
D:/Rep111/Rep111/MUD4/Core/Src/main.c:188:5:main	2
D:/Rep111/Rep111/MUD4/Core/Src/main.c:1011:6:IOE_Init	1
D:/Rep111/Rep111/MUD4/Core/Src/main.c:1020:6:IOE_ITConfig	1
D:/Rep111/Rep111/MUD4/Core/Src/main.c:1032:6:IOE_Write	1
D:/Rep111/Rep111/MUD4/Core/Src/main.c:1043:9:IOE_Read	1
D:/Rep111/Rep111/MUD4/Core/Src/main.c:1056:10:IOE_ReadMultiple	1
D:/Rep111/Rep111/MUD4/Core/Src/main.c:1065:6:IOE_Delay	1
D:/Rep111/Rep111/MUD4/Core/Src/main.c:1193:6:LCD_IO_Init	1
D:/Rep111/Rep111/MUD4/Core/Src/main.c:1203:6:LCD_IO_WriteData	1
D:/Rep111/Rep111/MUD4/Core/Src/main.c:1219:6:LCD_IO_WriteReg	1
D:/Rep111/Rep111/MUD4/Core/Src/main.c:1238:10:LCD_IO_ReadData	1
D:/Rep111/Rep111/MUD4/Core/Src/main.c:1265:6:LCD_Delay	1
D:/Rep111/Rep111/MUD4/Core/Src/main.c:1309:6:HAL_TIM_PeriodElapsedCallback	2
D:/Rep111/Rep111/MUD4/Core/Src/main.c:1339:6:Error_Handler	1
