D:/Rep111/Rep111/MUD4/Core/Src/main.c:1284:6:StartDefaultTask	0	static
D:/Rep111/Rep111/MUD4/Core/Src/main.c:1172:13:SPI5_Write	16	static
D:/Rep111/Rep111/MUD4/Core/Src/main.c:170:6:HAL_TIM_IC_CaptureCallback	8	static
D:/Rep111/Rep111/MUD4/Core/Src/main.c:297:6:SystemClock_Config	96	static
D:/Rep111/Rep111/MUD4/Core/Src/main.c:188:5:main	128	static
D:/Rep111/Rep111/MUD4/Core/Src/main.c:1016:6:IOE_Init	0	static
D:/Rep111/Rep111/MUD4/Core/Src/main.c:1025:6:IOE_ITConfig	0	static
D:/Rep111/Rep111/MUD4/Core/Src/main.c:1037:6:IOE_Write	32	static
D:/Rep111/Rep111/MUD4/Core/Src/main.c:1048:9:IOE_Read	32	static
D:/Rep111/Rep111/MUD4/Core/Src/main.c:1061:10:IOE_ReadMultiple	24	static
D:/Rep111/Rep111/MUD4/Core/Src/main.c:1070:6:IOE_Delay	0	static
D:/Rep111/Rep111/MUD4/Core/Src/main.c:1198:6:LCD_IO_Init	8	static
D:/Rep111/Rep111/MUD4/Core/Src/main.c:1208:6:LCD_IO_WriteData	8	static
D:/Rep111/Rep111/MUD4/Core/Src/main.c:1224:6:LCD_IO_WriteReg	8	static
D:/Rep111/Rep111/MUD4/Core/Src/main.c:1243:10:LCD_IO_ReadData	24	static
D:/Rep111/Rep111/MUD4/Core/Src/main.c:1270:6:LCD_Delay	0	static
D:/Rep111/Rep111/MUD4/Core/Src/main.c:1314:6:HAL_TIM_PeriodElapsedCallback	0	static
D:/Rep111/Rep111/MUD4/Core/Src/main.c:1362:6:Error_Handler	0	static
