D:/Rep111/Rep111/MUD4/Core/Src/main.c:1153:6:StartDefaultTask	1
D:/Rep111/Rep111/MUD4/Core/Src/main.c:1041:13:SPI5_Write	1
D:/Rep111/Rep111/MUD4/Core/Src/main.c:273:6:SystemClock_Config	1
D:/Rep111/Rep111/MUD4/Core/Src/main.c:170:5:main	2
D:/Rep111/Rep111/MUD4/Core/Src/main.c:885:6:IOE_Init	1
D:/Rep111/Rep111/MUD4/Core/Src/main.c:894:6:IOE_ITConfig	1
D:/Rep111/Rep111/MUD4/Core/Src/main.c:906:6:IOE_Write	1
D:/Rep111/Rep111/MUD4/Core/Src/main.c:917:9:IOE_Read	1
D:/Rep111/Rep111/MUD4/Core/Src/main.c:930:10:IOE_ReadMultiple	1
D:/Rep111/Rep111/MUD4/Core/Src/main.c:939:6:IOE_Delay	1
D:/Rep111/Rep111/MUD4/Core/Src/main.c:1067:6:LCD_IO_Init	1
D:/Rep111/Rep111/MUD4/Core/Src/main.c:1077:6:LCD_IO_WriteData	1
D:/Rep111/Rep111/MUD4/Core/Src/main.c:1093:6:LCD_IO_WriteReg	1
D:/Rep111/Rep111/MUD4/Core/Src/main.c:1112:10:LCD_IO_ReadData	1
D:/Rep111/Rep111/MUD4/Core/Src/main.c:1139:6:LCD_Delay	1
D:/Rep111/Rep111/MUD4/Core/Src/main.c:1181:6:HAL_TIM_PeriodElapsedCallback	2
D:/Rep111/Rep111/MUD4/Core/Src/main.c:1200:6:HAL_TIM_PWM_PulseFinishedCallback	1
D:/Rep111/Rep111/MUD4/Core/Src/main.c:1220:6:Error_Handler	1
