D:/Rep111/Rep111/MUD4/Core/Src/stm32f4xx_it.c:80:6:NMI_Handler	0	static
D:/Rep111/Rep111/MUD4/Core/Src/stm32f4xx_it.c:93:6:HardFault_Handler	0	static
D:/Rep111/Rep111/MUD4/Core/Src/stm32f4xx_it.c:108:6:MemManage_Handler	0	static
D:/Rep111/Rep111/MUD4/Core/Src/stm32f4xx_it.c:123:6:BusFault_Handler	0	static
D:/Rep111/Rep111/MUD4/Core/Src/stm32f4xx_it.c:138:6:UsageFault_Handler	0	static
D:/Rep111/Rep111/MUD4/Core/Src/stm32f4xx_it.c:153:6:DebugMon_Handler	0	static
D:/Rep111/Rep111/MUD4/Core/Src/stm32f4xx_it.c:173:6:DMA1_Stream5_IRQHandler	0	static
D:/Rep111/Rep111/MUD4/Core/Src/stm32f4xx_it.c:187:6:TIM1_BRK_TIM9_IRQHandler	8	static
D:/Rep111/Rep111/MUD4/Core/Src/stm32f4xx_it.c:232:6:TIM2_IRQHandler	0	static
D:/Rep111/Rep111/MUD4/Core/Src/stm32f4xx_it.c:246:6:USART2_IRQHandler	0	static
D:/Rep111/Rep111/MUD4/Core/Src/stm32f4xx_it.c:260:6:TIM6_DAC_IRQHandler	0	static
D:/Rep111/Rep111/MUD4/Core/Src/stm32f4xx_it.c:274:6:LTDC_IRQHandler	0	static
D:/Rep111/Rep111/MUD4/Core/Src/stm32f4xx_it.c:288:6:DMA2D_IRQHandler	0	static
D:/Rep111/Rep111/MUD4/Core/Src/stm32f4xx_it.c:300:6:HAL_UART_RxCpltCallback	16	static
